// Jest Snapshot v1, https://goo.gl/fbAQLP

exports[`renders correctly 1`] = `
<View
  style={
    Object {
      "flex": 1,
      "margin": 5,
    }
  }
>
  <View
    style={
      Object {
        "flex": 1,
        "flexDirection": "row",
        "justifyContent": "space-between",
        "margin": 10,
        "paddingBottom": 50,
      }
    }
  >
    <View>
      <Text
        style={
          Object {
            "fontSize": 25,
            "fontWeight": "bold",
          }
        }
      >
        Most Popular
      </Text>
    </View>
    <Image
      source={
        Object {
          "testUri": "../../../components/assets/list-menu.png",
        }
      }
      style={
        Object {
          "height": 25,
          "marginTop": 6,
          "width": 25,
        }
      }
    />
  </View>
  <View
    style={
      Object {
        "backgroundColor": "white",
        "flexDirection": "row",
        "margin": 3,
      }
    }
  >
    <RCTScrollView
      disableVirtualization={false}
      getItem={[Function]}
      getItemCount={[Function]}
      horizontal={false}
      initialNumToRender={10}
      keyExtractor={[Function]}
      maxToRenderPerBatch={10}
      numColumns={1}
      onContentSizeChange={[Function]}
      onEndReachedThreshold={2}
      onLayout={[Function]}
      onMomentumScrollEnd={[Function]}
      onScroll={[Function]}
      onScrollBeginDrag={[Function]}
      onScrollEndDrag={[Function]}
      removeClippedSubviews={false}
      renderItem={[Function]}
      scrollEventThrottle={50}
      stickyHeaderIndices={Array []}
      updateCellsBatchingPeriod={50}
      viewabilityConfigCallbackPairs={Array []}
      windowSize={21}
    >
      <View />
    </RCTScrollView>
  </View>
</View>
`;
